// Jest Snapshot v1, https://goo.gl/fbAQLP

exports[`Test <GifGridItem /> Should show the component 1`] = `
<div
  className="card animate__animated animate__fadeIn"
>
  <img
    alt="Test"
    src="https://localhost/test.html"
  />
  <p>
    Test
  </p>
</div>
`;
